[www.etonwickvillagehall.co.uk/index.html]
[backblue.gif]
[fade.gif]
[index.html]
[www.etonwickvillagehall.co.uk/_app/1516288797/en/sharedmedia/2633451.swf]
[www.etonwickvillagehall.co.uk/_app/1516288797/en/resources/requirements.html]
[www.etonwickvillagehall.co.uk/_app/1516288797/en/sharedmedia/2633416.jpg]
[www.etonwickvillagehall.co.uk/_app/1516288797/en/resources/big-web-ext.css]
[ajax.googleapis.com/ajax/libs/swfobject/2.2/swfobject.js]
[ajax.googleapis.com/ajax/libs/jquery/1.7.2/jquery.min.js]
[www.etonwickvillagehall.co.uk/_app/1516288797/en/resources/big-web.css]
[www.etonwickvillagehall.co.uk/welcome/4546243344.html]
[www.etonwickvillagehall.co.uk/events/4546271087.html]
[www.etonwickvillagehall.co.uk/about-the-hall/4546243346.html]
[www.etonwickvillagehall.co.uk/photos/4546243347.html]
[www.etonwickvillagehall.co.uk/facilities/4546246306.html]
[www.etonwickvillagehall.co.uk/floor-plan/4548012436.html]
[www.etonwickvillagehall.co.uk/history/4546266495.html]
[www.etonwickvillagehall.co.uk/enquiries-hire/4548017447.html]
[www.etonwickvillagehall.co.uk/hire-the-hall-contact-us/4547986090.html]
[www.etonwickvillagehall.co.uk/current-regular-bookings/4547983329.html]
[www.etonwickvillagehall.co.uk/conditions-of-hire/4547982145.html]
[www.etonwickvillagehall.co.uk/safety-information/4547983701.html]
[www.etonwickvillagehall.co.uk/location/4546243348.html]
[www.etonwickvillagehall.co.uk/newsletters/4548014274.html]
[www.etonwickvillagehall.co.uk/images/160x41_Get_Flash_Player.jpg]
[www.etonwickvillagehall.co.uk/index.html]
[www.etonwickvillagehall.co.uk/_app/1516288797/en/resources/big.js]
[www.etonwickvillagehall.co.uk/_app/1516288797/images/icon_no.gif]
[www.etonwickvillagehall.co.uk/_app/1516288797/images/tick.swf]
[www.etonwickvillagehall.co.uk/_app/1516288797/images/icon_unknown.gif]
[www.etonwickvillagehall.co.uk/_app/1516288797/en/resources/big70c3.js]
[www.etonwickvillagehall.co.uk/_app/1516288797/en/resources/cacheclear.html]
[www.etonwickvillagehall.co.uk/_app/1516288797/en/resources/requirements.html]
[www.etonwickvillagehall.co.uk/_app/1516288797/images/fancybox.png]
[www.etonwickvillagehall.co.uk/_app/1516288797/images/blank.gif]
[www.etonwickvillagehall.co.uk/_app/1516288797/images/fancybox-x.png]
[www.etonwickvillagehall.co.uk/_app/1516288797/images/fancybox-y.png]
[www.etonwickvillagehall.co.uk/_app/1516288797/images/fancy_title_over.png]
[www.etonwickvillagehall.co.uk/_app/1516288797/images/fancy_close.png]
[www.etonwickvillagehall.co.uk/_app/1516288797/images/fancy_nav_left.png]
[www.etonwickvillagehall.co.uk/_app/1516288797/images/fancy_nav_right.png]
[www.etonwickvillagehall.co.uk/_app/1516288797/images/fancy_title_left.png]
[www.etonwickvillagehall.co.uk/_app/1516288797/images/fancy_title_main.png]
[www.etonwickvillagehall.co.uk/_app/1516288797/images/fancy_title_right.png]
[www.etonwickvillagehall.co.uk/_app/1516288797/images/fancy_loading.png]
[www.etonwickvillagehall.co.uk/_app/1516288797/images/fancy_shadow_n.png]
[www.etonwickvillagehall.co.uk/_app/1516288797/images/fancy_shadow_ne.png]
[www.etonwickvillagehall.co.uk/_app/1516288797/images/fancy_shadow_e.png]
[www.etonwickvillagehall.co.uk/_app/1516288797/images/fancy_shadow_se.png]
[www.etonwickvillagehall.co.uk/_app/1516288797/images/fancy_shadow_s.png]
[www.etonwickvillagehall.co.uk/_app/1516288797/images/fancy_shadow_sw.png]
[www.etonwickvillagehall.co.uk/_app/1516288797/images/fancy_shadow_w.png]
[www.etonwickvillagehall.co.uk/_app/1516288797/images/fancy_shadow_nw.png]
[www.etonwickvillagehall.co.uk/_app/1516288797/en/resources/big-web-ext.css]
[www.etonwickvillagehall.co.uk/_app/1516288797/images/header-background.png]
[www.etonwickvillagehall.co.uk/_app/1516288797/images/web-menuitem-background.png]
[www.etonwickvillagehall.co.uk/_app/1516288797/images/free-dis-n.png]
[www.etonwickvillagehall.co.uk/_app/1516288797/images/free-dis-s.png]
[www.etonwickvillagehall.co.uk/_app/1516288797/images/free_share_arrow_icon.png]
[www.etonwickvillagehall.co.uk/_app/1516288797/images/menu-button-gradient.png]
[www.etonwickvillagehall.co.uk/_app/1516288797/images/small-social-bm-sprite.png]
[www.etonwickvillagehall.co.uk/_app/1516288797/images/web-shop-sprite.png]
[www.etonwickvillagehall.co.uk/_app/1516288797/images/shop-sprite.png]
[www.etonwickvillagehall.co.uk/_app/1516288797/images/paypal-logo-80x35.gif]
[www.etonwickvillagehall.co.uk/_app/1516288797/images/mobile-icon-sprite.png]
[www.etonwickvillagehall.co.uk/_app/1516288797/en/resources/big-web.css]
[www.googletagmanager.com/gtm5445.html]
[www.etonwickvillagehall.co.uk/welcome/4546243344.html]
[www.etonwickvillagehall.co.uk/events/4546271087.html]
[www.etonwickvillagehall.co.uk/about-the-hall/4546243346.html]
[www.etonwickvillagehall.co.uk/communities/1/004/008/472/231/images/4556473652.jpg]
[www.etonwickvillagehall.co.uk/communities/1/004/008/472/231/images/4556473652.swf]
[www.etonwickvillagehall.co.uk/communities/1/004/008/472/231/images/4556473629.jpg]
[www.etonwickvillagehall.co.uk/communities/1/004/008/472/231/images/4556473629.swf]
[www.etonwickvillagehall.co.uk/communities/1/004/008/472/231/images/4556473643.jpg]
[www.etonwickvillagehall.co.uk/communities/1/004/008/472/231/images/4556473643.swf]
[www.etonwickvillagehall.co.uk/communities/1/004/008/472/231/images/4556473671.jpg]
[www.etonwickvillagehall.co.uk/communities/1/004/008/472/231/images/4556473671.swf]
[www.etonwickvillagehall.co.uk/communities/1/004/008/472/231/images/4556473683.jpg]
[www.etonwickvillagehall.co.uk/communities/1/004/008/472/231/images/4556473683.swf]
[www.etonwickvillagehall.co.uk/communities/1/004/008/472/231/images/4556473696.jpg]
[www.etonwickvillagehall.co.uk/communities/1/004/008/472/231/images/4556473696.swf]
[www.etonwickvillagehall.co.uk/communities/1/004/008/472/231/images/4633548945.jpg]
[www.etonwickvillagehall.co.uk/communities/1/004/008/472/231/images/4633548945.swf]
[www.etonwickvillagehall.co.uk/communities/1/004/008/472/231/images/4633548942.jpg]
[www.etonwickvillagehall.co.uk/communities/1/004/008/472/231/images/4633548942.swf]
[www.etonwickvillagehall.co.uk/communities/1/004/008/472/231/images/4633548943.jpg]
[www.etonwickvillagehall.co.uk/communities/1/004/008/472/231/images/4633548943.swf]
[www.etonwickvillagehall.co.uk/communities/1/004/008/472/231/images/4633548944.jpg]
[www.etonwickvillagehall.co.uk/communities/1/004/008/472/231/images/4633548944.swf]
[www.etonwickvillagehall.co.uk/communities/1/004/008/472/231/images/4633548947.jpg]
[www.etonwickvillagehall.co.uk/communities/1/004/008/472/231/images/4633548947.swf]
[www.etonwickvillagehall.co.uk/photos/4546243347.html]
[www.etonwickvillagehall.co.uk/facilities/4546246306.html]
[www.etonwickvillagehall.co.uk/download/i/mark_dl/u/4008472231/4540923189/ETON WICK VILLAGE HALL - DIMENSION PLAN.pdf]
[www.etonwickvillagehall.co.uk/floor-plan/4548012436.html]
[www.etonwickvillagehall.co.uk/communities/1/004/008/472/231/images/4539397974_pre.jpg]
[www.etonwickvillagehall.co.uk/communities/1/004/008/472/231/images/4539397971_pre.jpg]
[www.etonwickvillagehall.co.uk/history/4546266495.html]
[www.etonwickvillagehall.co.uk/enquiries-hire/4548017447.html]
[www.etonwickvillagehall.co.uk/hire-the-hall-contact-us/4547986090.html]
[www.etonwickvillagehall.co.uk/download/i/mark_dl/u/4008472231/4635543612/Regular bookings Jan19.pdf]
[www.etonwickvillagehall.co.uk/communities/1/004/008/472/231/images/4635544074_pre.jpg]
[www.etonwickvillagehall.co.uk/current-regular-bookings/4547983329.html]
[www.etonwickvillagehall.co.uk/download/i/mark_dl/u/4008472231/4634105851/Conditions of Hire Mar18.pdf]
[www.etonwickvillagehall.co.uk/conditions-of-hire/4547982145.html]
[www.etonwickvillagehall.co.uk/download/i/mark_dl/u/4008472231/4540925508/VH FIRE PRECAUTIONS.doc]
[www.etonwickvillagehall.co.uk/download/i/mark_dl/u/4008472231/4540924194/VH FIRE EVACUATION PROCEDURE.doc]
[www.etonwickvillagehall.co.uk/download/i/mark_dl/u/4008472231/4540922313/ETON WICK VILLAGE HALL - FIRE PLAN.pdf]
[www.etonwickvillagehall.co.uk/safety-information/4547983701.html]
[www.etonwickvillagehall.co.uk/location/4546243348.html]
[www.etonwickvillagehall.co.uk/communities/1/004/008/472/231/images/4596212130_128x181.png]
[www.etonwickvillagehall.co.uk/newsletters/4548014274.html]
[www.etonwickvillagehall.co.uk/_app/1516288797/images/ie6-icon.gif]
[www.etonwickvillagehall.co.uk/_app/1516288797/images/ie7-icon.gif]
[www.etonwickvillagehall.co.uk/_app/1516288797/images/firefox-icon.gif]
[www.etonwickvillagehall.co.uk/_app/1516288797/images/safari-icon.gif]
[www.etonwickvillagehall.co.uk/_app/1516288797/images/opera-icon.gif]
[www.etonwickvillagehall.co.uk/_app/1516288797/images/aol-icon.gif]
[www.etonwickvillagehall.co.uk/_app/1516288797/en/resources/cacheclear.html]
[www.etonwickvillagehall.co.uk/_app/1516288797/images/warning-icon.html]
[static.ak.fbcdn.net/images/fbconnect/login-buttons/connect_light_small_short.gif]
